Microsoft Windows [Version 10.0.26200.8328]
(c) Microsoft Corporation. All rights reserved.

C:\Users\fyone\Desktop\membership-site-fix>
